tile_size = 48.0

[tileset]
atlas = "asset://sprites/open_tileset.png"
tile_width = 16
tile_height = 16
columns = 10

[legend.0]
name = "grass"
atlas_index = 11
collision = "none"

[legend.1]
name = "stone_wall"
atlas_index = 44
collision = "solid"

[legend.2]
name = "water"
atlas_index = 0
collision = "solid"

[legend.3]
name = "dirt_path"
atlas_index = 77
collision = "none"

[tiles]
rows = [
  [1, 1, 1, 1, 1, 1, 1, 1, 1, 1, 1, 1, 1, 1, 1, 1, 1, 1, 1, 1],
  [1, 0, 0, 0, 0, 0, 0, 0, 0, 0, 0, 0, 0, 2, 2, 0, 0, 0, 0, 1],
  [1, 0, 3, 3, 3, 3, 3, 0, 1, 1, 1, 0, 0, 2, 2, 0, 1, 1, 0, 1],
  [1, 0, 3, 0, 0, 0, 3, 0, 1, 0, 0, 0, 0, 0, 0, 0, 1, 0, 0, 1],
  [1, 0, 3, 0, 1, 0, 3, 0, 1, 0, 3, 3, 3, 3, 3, 0, 1, 0, 0, 1],
  [1, 0, 3, 0, 1, 0, 3, 0, 0, 0, 3, 0, 0, 0, 3, 0, 0, 0, 0, 1],
  [1, 0, 3, 0, 1, 0, 3, 3, 3, 3, 3, 0, 2, 0, 3, 3, 3, 3, 0, 1],
  [1, 0, 3, 0, 1, 0, 0, 0, 0, 0, 0, 0, 2, 0, 0, 0, 0, 3, 0, 1],
  [1, 0, 3, 0, 1, 1, 1, 1, 0, 2, 2, 2, 2, 0, 1, 1, 0, 3, 0, 1],
  [1, 0, 3, 0, 0, 0, 0, 1, 0, 0, 0, 0, 0, 0, 1, 0, 0, 3, 0, 1],
  [1, 0, 3, 3, 3, 3, 0, 1, 1, 1, 0, 1, 1, 1, 1, 0, 3, 3, 0, 1],
  [1, 0, 0, 0, 0, 3, 0, 0, 0, 0, 0, 0, 0, 0, 0, 0, 3, 0, 0, 1],
  [1, 0, 0, 0, 0, 3, 3, 3, 3, 3, 3, 3, 0, 0, 0, 0, 3, 0, 0, 1],
  [1, 1, 1, 1, 1, 1, 1, 1, 1, 1, 1, 1, 1, 1, 1, 1, 1, 1, 1, 1],
]

[objects]
Player = [2, 2]
Merchant = [15, 6]
Goblin = [17, 2]
