tile_size = 48.0

[legend.0]
name = "grass"
texture = "asset://sprites/tiles/grass.png"
blocked = false

[legend.1]
name = "stone_wall"
texture = "asset://sprites/tiles/wall.png"
blocked = true

[legend.2]
name = "water"
texture = "asset://sprites/tiles/water.png"
blocked = true

[legend.3]
name = "dirt_path"
texture = "asset://sprites/tiles/path.png"
blocked = false

[tiles]
rows = [
  [1, 1, 1, 1, 1, 1, 1, 1, 1, 1, 1, 1, 1, 1, 1, 1, 1, 1, 1, 1],
  [1, 0, 0, 0, 0, 0, 0, 0, 0, 0, 0, 0, 0, 2, 2, 0, 0, 0, 0, 1],
  [1, 0, 3, 3, 3, 3, 3, 0, 1, 1, 1, 0, 0, 2, 2, 0, 1, 1, 0, 1],
  [1, 0, 3, 0, 0, 0, 3, 0, 1, 0, 0, 0, 0, 0, 0, 0, 1, 0, 0, 1],
  [1, 0, 3, 0, 1, 0, 3, 0, 1, 0, 3, 3, 3, 3, 3, 0, 1, 0, 0, 1],
  [1, 0, 3, 0, 1, 0, 3, 0, 0, 0, 3, 0, 0, 0, 3, 0, 0, 0, 0, 1],
  [1, 0, 3, 0, 1, 0, 3, 3, 3, 3, 3, 0, 2, 0, 3, 3, 3, 3, 0, 1],
  [1, 0, 3, 0, 1, 0, 0, 0, 0, 0, 0, 0, 2, 0, 0, 0, 0, 3, 0, 1],
  [1, 0, 3, 0, 1, 1, 1, 1, 0, 2, 2, 2, 2, 0, 1, 1, 0, 3, 0, 1],
  [1, 0, 3, 0, 0, 0, 0, 1, 0, 0, 0, 0, 0, 0, 1, 0, 0, 3, 0, 1],
  [1, 0, 3, 3, 3, 3, 0, 1, 1, 1, 0, 1, 1, 1, 1, 0, 3, 3, 0, 1],
  [1, 0, 0, 0, 0, 3, 0, 0, 0, 0, 0, 0, 0, 0, 0, 0, 3, 0, 0, 1],
  [1, 0, 0, 0, 0, 3, 3, 3, 3, 3, 3, 3, 0, 0, 0, 0, 3, 0, 0, 1],
  [1, 1, 1, 1, 1, 1, 1, 1, 1, 1, 1, 1, 1, 1, 1, 1, 1, 1, 1, 1],
]

[objects]
Player = [2, 2]
Merchant = [15, 6]
Goblin = [17, 2]
